Initialized native services in: C:\Users\ADMIN\.gradle\native
Initialized jansi services in: C:\Users\ADMIN\.gradle\native
The client will now receive all logging from the daemon (pid: 14552). The daemon log file: C:\Users\ADMIN\.gradle\daemon\9.0-milestone-1\daemon-14552.out.log
Starting 5th build in daemon [uptime: 1 mins 13.884 secs, performance: 99%, GC rate: 0.00/s, heap usage: 0% of 2 GiB]
Using 12 worker leases.
Now considering [C:\Users\ADMIN\Downloads\NewThing Widgets Pro v2.4\NothingWidgets\newthing-widget-pro] as hierarchies to watch
Watching the file system is configured to be enabled if available
File system watching is active
Starting Build
Settings evaluated using settings file 'C:\Users\ADMIN\Downloads\NewThing Widgets Pro v2.4\NothingWidgets\newthing-widget-pro\settings.gradle'.
Projects loaded. Root project using build file 'C:\Users\ADMIN\Downloads\NewThing Widgets Pro v2.4\NothingWidgets\newthing-widget-pro\build.gradle'.
Included projects: [root project 'NewThingWidgetsClone', project ':app']

> Configure project :
Evaluating root project 'NewThingWidgetsClone' using build file 'C:\Users\ADMIN\Downloads\NewThing Widgets Pro v2.4\NothingWidgets\newthing-widget-pro\build.gradle'.
Resolved plugin [id: 'com.android.application', version: '8.13.2', apply: false]
Resolved plugin [id: 'org.jetbrains.kotlin.android', version: '1.9.0', apply: false]

> Configure project :app
Evaluating project ':app' using build file 'C:\Users\ADMIN\Downloads\NewThing Widgets Pro v2.4\NothingWidgets\newthing-widget-pro\app\build.gradle'.
Resolved plugin [id: 'com.android.application']
Resolved plugin [id: 'org.jetbrains.kotlin.android']
Using default execution profile
Using Kotlin Gradle Plugin gradle81 variant
All projects evaluated.
Task name matched 'assembleDebug'
Selected primary task 'assembleDebug' from project :
Tasks to be executed: [task ':app:preBuild', task ':app:preDebugBuild', task ':app:mergeDebugNativeDebugMetadata', task ':app:checkDebugAarMetadata', task ':app:processDebugNavigationResources', task ':app:compileDebugNavigationResources', task ':app:generateDebugResValues', task ':app:mapDebugSourceSetPaths', task ':app:generateDebugResources', task ':app:mergeDebugResources', task ':app:packageDebugResources', task ':app:parseDebugLocalResources', task ':app:createDebugCompatibleScreenManifests', task ':app:extractDeepLinksDebug', task ':app:processDebugMainManifest', task ':app:processDebugManifest', task ':app:processDebugManifestForPackage', task ':app:processDebugResources', task ':app:compileDebugKotlin', task ':app:javaPreCompileDebug', task ':app:compileDebugJavaWithJavac', task ':app:mergeDebugShaders', task ':app:compileDebugShaders', task ':app:generateDebugAssets', task ':app:mergeDebugAssets', task ':app:compressDebugAssets', task ':app:desugarDebugFileDependencies', task ':app:dexBuilderDebug', task ':app:mergeDebugGlobalSynthetics', task ':app:processDebugJavaRes', task ':app:mergeDebugJavaResource', task ':app:checkDebugDuplicateClasses', task ':app:mergeExtDexDebug', task ':app:mergeLibDexDebug', task ':app:mergeProjectDexDebug', task ':app:mergeDebugJniLibFolders', task ':app:mergeDebugNativeLibs', task ':app:stripDebugDebugSymbols', task ':app:validateSigningDebug', task ':app:writeDebugAppMetadata', task ':app:writeDebugSigningConfigVersions', task ':app:packageDebug', task ':app:createDebugApkListingFileRedirect', task ':app:assembleDebug']
Tasks that were excluded: []
Resolve mutations for :app:preBuild (Thread[#512,Execution worker,5,main]) started.
:app:preBuild (Thread[#512,Execution worker,5,main]) started.

> Task :app:preBuild UP-TO-DATE
Skipping task ':app:preBuild' as it has no actions.
Resolve mutations for :app:preDebugBuild (Thread[#512,Execution worker,5,main]) started.
:app:preDebugBuild (Thread[#512,Execution worker,5,main]) started.

> Task :app:preDebugBuild UP-TO-DATE
Skipping task ':app:preDebugBuild' as it has no actions.
Resolve mutations for :app:mergeDebugNativeDebugMetadata (Thread[#512,Execution worker,5,main]) started.
:app:mergeDebugNativeDebugMetadata (Thread[#512,Execution worker,5,main]) started.

> Task :app:mergeDebugNativeDebugMetadata NO-SOURCE
Skipping task ':app:mergeDebugNativeDebugMetadata' as it has no source files and no previous output files.
Resolve mutations for :app:checkDebugAarMetadata (Thread[#512,Execution worker,5,main]) started.
:app:checkDebugAarMetadata (Thread[#512,Execution worker,5,main]) started.

> Task :app:checkDebugAarMetadata UP-TO-DATE
Caching disabled for task ':app:checkDebugAarMetadata' because:
  Build cache is disabled
  Caching has been disabled for the task
Skipping task ':app:checkDebugAarMetadata' as it is up-to-date.
Resolve mutations for :app:processDebugNavigationResources (Thread[#512,Execution worker,5,main]) started.
:app:processDebugNavigationResources (Thread[#512,Execution worker,5,main]) started.

> Task :app:processDebugNavigationResources UP-TO-DATE
Caching disabled for task ':app:processDebugNavigationResources' because:
  Build cache is disabled
Skipping task ':app:processDebugNavigationResources' as it is up-to-date.
Resolve mutations for :app:compileDebugNavigationResources (Thread[#512,Execution worker,5,main]) started.
:app:compileDebugNavigationResources (Thread[#512,Execution worker,5,main]) started.

> Task :app:compileDebugNavigationResources UP-TO-DATE
Caching disabled for task ':app:compileDebugNavigationResources' because:
  Build cache is disabled
Skipping task ':app:compileDebugNavigationResources' as it is up-to-date.
Resolve mutations for :app:generateDebugResValues (Thread[#512,Execution worker,5,main]) started.
:app:generateDebugResValues (Thread[#518,Execution worker Thread 7,5,main]) started.

> Task :app:generateDebugResValues UP-TO-DATE
Caching disabled for task ':app:generateDebugResValues' because:
  Build cache is disabled
Skipping task ':app:generateDebugResValues' as it is up-to-date.
Resolve mutations for :app:mapDebugSourceSetPaths (Thread[#518,Execution worker Thread 7,5,main]) started.
:app:mapDebugSourceSetPaths (Thread[#518,Execution worker Thread 7,5,main]) started.

> Task :app:mapDebugSourceSetPaths UP-TO-DATE
Caching disabled for task ':app:mapDebugSourceSetPaths' because:
  Build cache is disabled
  Caching has been disabled for the task
Skipping task ':app:mapDebugSourceSetPaths' as it is up-to-date.
Resolve mutations for :app:generateDebugResources (Thread[#518,Execution worker Thread 7,5,main]) started.
:app:generateDebugResources (Thread[#518,Execution worker Thread 7,5,main]) started.

> Task :app:generateDebugResources UP-TO-DATE
Caching disabled for task ':app:generateDebugResources' because:
  Build cache is disabled
Skipping task ':app:generateDebugResources' as it is up-to-date.
Resolve mutations for :app:mergeDebugResources (Thread[#518,Execution worker Thread 7,5,main]) started.
:app:mergeDebugResources (Thread[#518,Execution worker Thread 7,5,main]) started.

> Task :app:mergeDebugResources UP-TO-DATE
Caching disabled for task ':app:mergeDebugResources' because:
  Build cache is disabled
Skipping task ':app:mergeDebugResources' as it is up-to-date.
Resolve mutations for :app:packageDebugResources (Thread[#518,Execution worker Thread 7,5,main]) started.
:app:packageDebugResources (Thread[#518,Execution worker Thread 7,5,main]) started.

> Task :app:packageDebugResources UP-TO-DATE
Caching disabled for task ':app:packageDebugResources' because:
  Build cache is disabled
Skipping task ':app:packageDebugResources' as it is up-to-date.
Resolve mutations for :app:parseDebugLocalResources (Thread[#518,Execution worker Thread 7,5,main]) started.
:app:parseDebugLocalResources (Thread[#518,Execution worker Thread 7,5,main]) started.

> Task :app:parseDebugLocalResources UP-TO-DATE
Caching disabled for task ':app:parseDebugLocalResources' because:
  Build cache is disabled
Skipping task ':app:parseDebugLocalResources' as it is up-to-date.
Resolve mutations for :app:createDebugCompatibleScreenManifests (Thread[#518,Execution worker Thread 7,5,main]) started.
:app:createDebugCompatibleScreenManifests (Thread[#518,Execution worker Thread 7,5,main]) started.

> Task :app:createDebugCompatibleScreenManifests UP-TO-DATE
Caching disabled for task ':app:createDebugCompatibleScreenManifests' because:
  Build cache is disabled
  Caching has been disabled for the task
Skipping task ':app:createDebugCompatibleScreenManifests' as it is up-to-date.
Resolve mutations for :app:extractDeepLinksDebug (Thread[#518,Execution worker Thread 7,5,main]) started.
:app:extractDeepLinksDebug (Thread[#518,Execution worker Thread 7,5,main]) started.

> Task :app:extractDeepLinksDebug UP-TO-DATE
Caching disabled for task ':app:extractDeepLinksDebug' because:
  Build cache is disabled
Skipping task ':app:extractDeepLinksDebug' as it is up-to-date.
Resolve mutations for :app:processDebugMainManifest (Thread[#518,Execution worker Thread 7,5,main]) started.
:app:processDebugMainManifest (Thread[#518,Execution worker Thread 7,5,main]) started.

> Task :app:processDebugMainManifest UP-TO-DATE
Caching disabled for task ':app:processDebugMainManifest' because:
  Build cache is disabled
Skipping task ':app:processDebugMainManifest' as it is up-to-date.
Resolve mutations for :app:processDebugManifest (Thread[#518,Execution worker Thread 7,5,main]) started.
:app:processDebugManifest (Thread[#518,Execution worker Thread 7,5,main]) started.

> Task :app:processDebugManifest UP-TO-DATE
Caching disabled for task ':app:processDebugManifest' because:
  Build cache is disabled
Skipping task ':app:processDebugManifest' as it is up-to-date.
Resolve mutations for :app:processDebugManifestForPackage (Thread[#518,Execution worker Thread 7,5,main]) started.
:app:processDebugManifestForPackage (Thread[#518,Execution worker Thread 7,5,main]) started.

> Task :app:processDebugManifestForPackage UP-TO-DATE
Custom actions are attached to task ':app:processDebugManifestForPackage'.
Caching disabled for task ':app:processDebugManifestForPackage' because:
  Build cache is disabled
Skipping task ':app:processDebugManifestForPackage' as it is up-to-date.
Resolve mutations for :app:processDebugResources (Thread[#518,Execution worker Thread 7,5,main]) started.
:app:processDebugResources (Thread[#518,Execution worker Thread 7,5,main]) started.
Resolve mutations for :app:javaPreCompileDebug (Thread[#514,Execution worker Thread 3,5,main]) started.
:app:javaPreCompileDebug (Thread[#514,Execution worker Thread 3,5,main]) started.

> Task :app:javaPreCompileDebug UP-TO-DATE
Caching disabled for task ':app:javaPreCompileDebug' because:
  Build cache is disabled
Skipping task ':app:javaPreCompileDebug' as it is up-to-date.
Resolve mutations for :app:mergeDebugShaders (Thread[#514,Execution worker Thread 3,5,main]) started.
:app:mergeDebugShaders (Thread[#514,Execution worker Thread 3,5,main]) started.

> Task :app:mergeDebugShaders UP-TO-DATE
Caching disabled for task ':app:mergeDebugShaders' because:
  Build cache is disabled
  Simple merging task
Skipping task ':app:mergeDebugShaders' as it is up-to-date.
Resolve mutations for :app:compileDebugShaders (Thread[#514,Execution worker Thread 3,5,main]) started.
:app:compileDebugShaders (Thread[#514,Execution worker Thread 3,5,main]) started.

> Task :app:compileDebugShaders NO-SOURCE
Skipping task ':app:compileDebugShaders' as it has no source files and no previous output files.
Resolve mutations for :app:generateDebugAssets (Thread[#514,Execution worker Thread 3,5,main]) started.
:app:generateDebugAssets (Thread[#514,Execution worker Thread 3,5,main]) started.

> Task :app:generateDebugAssets UP-TO-DATE
Skipping task ':app:generateDebugAssets' as it has no actions.
Resolve mutations for :app:mergeDebugAssets (Thread[#514,Execution worker Thread 3,5,main]) started.
:app:mergeDebugAssets (Thread[#514,Execution worker Thread 3,5,main]) started.

> Task :app:mergeDebugAssets UP-TO-DATE
Caching disabled for task ':app:mergeDebugAssets' because:
  Build cache is disabled
  Simple merging task
Skipping task ':app:mergeDebugAssets' as it is up-to-date.
Resolve mutations for :app:compressDebugAssets (Thread[#514,Execution worker Thread 3,5,main]) started.
:app:compressDebugAssets (Thread[#514,Execution worker Thread 3,5,main]) started.

> Task :app:compressDebugAssets UP-TO-DATE
Caching disabled for task ':app:compressDebugAssets' because:
  Build cache is disabled
Skipping task ':app:compressDebugAssets' as it is up-to-date.
Resolve mutations for :app:desugarDebugFileDependencies (Thread[#514,Execution worker Thread 3,5,main]) started.
:app:desugarDebugFileDependencies (Thread[#514,Execution worker Thread 3,5,main]) started.

> Task :app:desugarDebugFileDependencies UP-TO-DATE
Caching disabled for task ':app:desugarDebugFileDependencies' because:
  Build cache is disabled
Skipping task ':app:desugarDebugFileDependencies' as it is up-to-date.
Resolve mutations for :app:checkDebugDuplicateClasses (Thread[#514,Execution worker Thread 3,5,main]) started.
:app:checkDebugDuplicateClasses (Thread[#514,Execution worker Thread 3,5,main]) started.

> Task :app:checkDebugDuplicateClasses UP-TO-DATE
Caching disabled for task ':app:checkDebugDuplicateClasses' because:
  Build cache is disabled
  Caching has been disabled for the task
Skipping task ':app:checkDebugDuplicateClasses' as it is up-to-date.
Resolve mutations for :app:mergeExtDexDebug (Thread[#514,Execution worker Thread 3,5,main]) started.
:app:mergeExtDexDebug (Thread[#514,Execution worker Thread 3,5,main]) started.

> Task :app:mergeExtDexDebug UP-TO-DATE
Caching disabled for task ':app:mergeExtDexDebug' because:
  Build cache is disabled
Skipping task ':app:mergeExtDexDebug' as it is up-to-date.
Resolve mutations for :app:mergeLibDexDebug (Thread[#514,Execution worker Thread 3,5,main]) started.
:app:mergeLibDexDebug (Thread[#514,Execution worker Thread 3,5,main]) started.

> Task :app:mergeLibDexDebug UP-TO-DATE
Caching disabled for task ':app:mergeLibDexDebug' because:
  Build cache is disabled
Skipping task ':app:mergeLibDexDebug' as it is up-to-date.
Resolve mutations for :app:mergeDebugJniLibFolders (Thread[#514,Execution worker Thread 3,5,main]) started.
:app:mergeDebugJniLibFolders (Thread[#514,Execution worker Thread 3,5,main]) started.

> Task :app:mergeDebugJniLibFolders UP-TO-DATE
Caching disabled for task ':app:mergeDebugJniLibFolders' because:
  Build cache is disabled
  Simple merging task
Skipping task ':app:mergeDebugJniLibFolders' as it is up-to-date.
Resolve mutations for :app:mergeDebugNativeLibs (Thread[#514,Execution worker Thread 3,5,main]) started.
:app:mergeDebugNativeLibs (Thread[#514,Execution worker Thread 3,5,main]) started.

> Task :app:mergeDebugNativeLibs NO-SOURCE
Skipping task ':app:mergeDebugNativeLibs' as it has no source files and no previous output files.
Resolve mutations for :app:stripDebugDebugSymbols (Thread[#514,Execution worker Thread 3,5,main]) started.
:app:stripDebugDebugSymbols (Thread[#514,Execution worker Thread 3,5,main]) started.

> Task :app:stripDebugDebugSymbols NO-SOURCE
Skipping task ':app:stripDebugDebugSymbols' as it has no source files and no previous output files.
Resolve mutations for :app:validateSigningDebug (Thread[#514,Execution worker Thread 3,5,main]) started.
:app:validateSigningDebug (Thread[#514,Execution worker Thread 3,5,main]) started.

> Task :app:validateSigningDebug UP-TO-DATE
Caching disabled for task ':app:validateSigningDebug' because:
  Build cache is disabled
  Caching has been disabled for the task
Skipping task ':app:validateSigningDebug' as it is up-to-date.
Resolve mutations for :app:writeDebugAppMetadata (Thread[#514,Execution worker Thread 3,5,main]) started.
:app:writeDebugAppMetadata (Thread[#514,Execution worker Thread 3,5,main]) started.

> Task :app:writeDebugAppMetadata UP-TO-DATE
Caching disabled for task ':app:writeDebugAppMetadata' because:
  Build cache is disabled
  Caching has been disabled for the task
Skipping task ':app:writeDebugAppMetadata' as it is up-to-date.
Resolve mutations for :app:writeDebugSigningConfigVersions (Thread[#514,Execution worker Thread 3,5,main]) started.
:app:writeDebugSigningConfigVersions (Thread[#514,Execution worker Thread 3,5,main]) started.

> Task :app:writeDebugSigningConfigVersions UP-TO-DATE
Caching disabled for task ':app:writeDebugSigningConfigVersions' because:
  Build cache is disabled
  Caching has been disabled for the task
Skipping task ':app:writeDebugSigningConfigVersions' as it is up-to-date.

> Task :app:processDebugResources FAILED
Caching disabled for task ':app:processDebugResources' because:
  Build cache is disabled
Task ':app:processDebugResources' is not up-to-date because:
  Task has failed previously.
The input changes require a full rebuild for incremental task ':app:processDebugResources'.
AAPT2 aapt2-8.13.2-14304508-windows Daemon #0: starting
Android resource linking failed:
process = AAPT2 aapt2-8.13.2-14304508-windows Daemon #0:
command = C:\Users\ADMIN\.gradle\caches\9.0-milestone-1\transforms\a4f3498dfa99dd2c2e0dc52093a5a0f1\transformed\aapt2-8.13.2-14304508-windows\aapt2.exe link -I\
        C:\Users\ADMIN\AppData\Local\Android\Sdk\platforms\android-34\android.jar\
        --manifest\
        C:\Users\ADMIN\Downloads\NewThing Widgets Pro v2.4\NothingWidgets\newthing-widget-pro\app\build\intermediates\packaged_manifests\debug\processDebugManifestForPackage\AndroidManifest.xml\
        -o\
        C:\Users\ADMIN\Downloads\NewThing Widgets Pro v2.4\NothingWidgets\newthing-widget-pro\app\build\intermediates\linked_resources_binary_format\debug\processDebugResources\linked-resources-binary-format-debug.ap_\
        -R\
        @C:\Users\ADMIN\Downloads\NewThing Widgets Pro v2.4\NothingWidgets\newthing-widget-pro\app\build\intermediates\incremental\processDebugResources\resources-list-for-linked-resources-binary-format-debug.ap_.txt\
        --auto-add-overlay\
        --custom-package\
        com.newthingwidgets.clone\
        -0\
        apk\
        --output-text-symbols\
        C:\Users\ADMIN\Downloads\NewThing Widgets Pro v2.4\NothingWidgets\newthing-widget-pro\app\build\intermediates\runtime_symbol_list\debug\processDebugResources\R.txt\
        --no-version-vectors\
        --proguard-minimal-keep-rules\
        --no-proguard-location-reference\
        --emit-ids\
        C:\Users\ADMIN\Downloads\NewThing Widgets Pro v2.4\NothingWidgets\newthing-widget-pro\app\build\intermediates\stable_resource_ids_file\debug\processDebugResources\stableIds.txt
AAPT2 aapt2-8.13.2-14304508-windows Daemon #0: shutdown

[Incubating] Problems report is available at: file:///C:/Users/ADMIN/Downloads/NewThing%20Widgets%20Pro%20v2.4/NothingWidgets/newthing-widget-pro/build/reports/problems/problems-report.html
.\gradlew : 
At line:1 char:1
+ .\gradlew assembleDebug --info 2>&1 | Out-File 
-FilePath build_output ...
+ ~~~~~~~~~~~~~~~~~~~~~~~~~~~~~~~~~~~
    + CategoryInfo          : NotSpecified: (:String) [ 
   ], RemoteException
    + FullyQualifiedErrorId : NativeCommandError
 
FAILURE: Build failed with an exception.

* What went wrong:
Execution failed for task ':app:processDebugResources'.
> A failure occurred while executing com.android.build.g
radle.internal.res.LinkApplicationAndroidResourcesTask$T
askAction
   > Android resource linking failed
     com.newthingwidgets.clone.app-main-40:/xml/calendar
_widget_info.xml:14: error: resource 
string/widget_description (aka 
com.newthingwidgets.clone:string/widget_description) 
not found.
     error: failed linking file resources.


* Try:
> Run with --stacktrace option to get the stack trace.
> Run with --debug option to get more log output.
> Run with --scan to get full insights.
> Get more help at https://help.gradle.org.

Deprecated Gradle features were used in this build, making it incompatible with Gradle 10.0.

You can use '--warning-mode all' to show the individual deprecation warnings and determine if they come from your own scripts or plugins.

For more on this, please refer to https://docs.gradle.org/9.0-milestone-1/userguide/command_line_interface.html#sec:command_line_warnings in the Gradle documentation.

BUILD FAILED in 1s
27 actionable tasks: 1 executed, 26 up-to-date
Watched directory hierarchies: [C:\Users\ADMIN\Downloads\NewThing Widgets Pro v2.4\NothingWidgets\newthing-widget-pro]
